// Jest Snapshot v1, https://goo.gl/fbAQLP

exports[`Test on RealExampleRef should render 1`] = `
<div>
  <h1>
    RealExampleRef
  </h1>
  <hr />
  <button
    className="btn btn-secondary"
    onClick={[Function]}
  >
    Show/Hide
  </button>
</div>
`;
