// Jest Snapshot v1, https://goo.gl/fbAQLP

exports[`Test on <Homescreen/> should render 1`] = `
<div>
  <h1>
    HomeScreen
  </h1>
  <hr />
  <pre>
    {
   "name": "Mr X",
   "email": "Mrx@test.com"
}
  </pre>
</div>
`;
