// Jest Snapshot v1, https://goo.gl/fbAQLP

exports[`Test on <LoginScreen/> should render 1`] = `
<div>
  <h1>
    LoginScreen
  </h1>
  <hr />
  <button
    className="btn btn-primary"
    onClick={[Function]}
  >
    Crear User
  </button>
</div>
`;
