// Jest Snapshot v1, https://goo.gl/fbAQLP

exports[`Test on <TodoList/> should render 1`] = `
<ul
  className="list-group list-group-flush"
>
  <TodoItem
    handleDelete={[MockFunction]}
    handleToggle={[MockFunction]}
    index={1}
    key="1"
    todo={
      Object {
        "desc": "Comprar pan",
        "done": false,
        "id": 1,
      }
    }
  />
  <TodoItem
    handleDelete={[MockFunction]}
    handleToggle={[MockFunction]}
    index={2}
    key="2"
    todo={
      Object {
        "desc": "Comprar leche",
        "done": false,
        "id": 2,
      }
    }
  />
</ul>
`;
